PLEASE submit a bug report to https://github.com/llvm/llvm-project/issues/ and include the crash backtrace and instructions to reproduce the bug.
Stack dump:
0.	Program arguments: ./build/bin/mlir-opt -test-emulate-narrow-int a-min.mlir
 #0 0x000055fbd082932a llvm::sys::PrintStackTrace(llvm::raw_ostream&, int) (./build/bin/mlir-opt+0x20be32a)
 #1 0x000055fbd082617f llvm::sys::RunSignalHandlers() (./build/bin/mlir-opt+0x20bb17f)
 #2 0x000055fbd082a4b5 SignalHandler(int, siginfo_t*, void*) Signals.cpp:0:0
 #3 0x00007e4cc2442520 (/lib/x86_64-linux-gnu/libc.so.6+0x42520)
 #4 0x000055fbd7f6496e bool llvm::isa<mlir::arith::ConstantOp, mlir::vector::CreateMaskOp, mlir::vector::ConstantMaskOp, mlir::Operation*>(mlir::Operation* const&) (./build/bin/mlir-opt+0x97f996e)
 #5 0x000055fbd7f634ee getCompressedMaskOp(mlir::OpBuilder&, mlir::Location, mlir::Value, int, int, int) VectorEmulateNarrowType.cpp:0:0
 #6 0x000055fbd7f62cff (anonymous namespace)::ConvertVectorMaskedLoad::matchAndRewrite(mlir::vector::MaskedLoadOp, mlir::vector::MaskedLoadOpAdaptor, mlir::ConversionPatternRewriter&) const VectorEmulateNarrowType.cpp:0:0
 #7 0x000055fbd7f64db2 llvm::LogicalResult mlir::ConversionPattern::dispatchTo1To1<mlir::OpConversionPattern<mlir::vector::MaskedLoadOp>, mlir::vector::MaskedLoadOp>(mlir::OpConversionPattern<mlir::vector::MaskedLoadOp> const&, mlir::vector::MaskedLoadOp, mlir::vector::MaskedLoadOp::GenericAdaptor<llvm::ArrayRef<mlir::ValueRange>>, mlir::ConversionPatternRewriter&) (./build/bin/mlir-opt+0x97f9db2)
 #8 0x000055fbd7f6267a mlir::OpConversionPattern<mlir::vector::MaskedLoadOp>::matchAndRewrite(mlir::Operation*, llvm::ArrayRef<mlir::ValueRange>, mlir::ConversionPatternRewriter&) const (./build/bin/mlir-opt+0x97f767a)
 #9 0x000055fbd9e54df6 mlir::ConversionPattern::matchAndRewrite(mlir::Operation*, mlir::PatternRewriter&) const (./build/bin/mlir-opt+0xb6e9df6)
#10 0x000055fbd9ea41fe void llvm::function_ref<void ()>::callback_fn<mlir::PatternApplicator::matchAndRewrite(mlir::Operation*, mlir::PatternRewriter&, llvm::function_ref<bool (mlir::Pattern const&)>, llvm::function_ref<void (mlir::Pattern const&)>, llvm::function_ref<llvm::LogicalResult (mlir::Pattern const&)>)::$_6>(long) PatternApplicator.cpp:0:0
#11 0x000055fbd9ea08b3 mlir::PatternApplicator::matchAndRewrite(mlir::Operation*, mlir::PatternRewriter&, llvm::function_ref<bool (mlir::Pattern const&)>, llvm::function_ref<void (mlir::Pattern const&)>, llvm::function_ref<llvm::LogicalResult (mlir::Pattern const&)>) (./build/bin/mlir-opt+0xb7358b3)
#12 0x000055fbd9e56c1d (anonymous namespace)::OperationLegalizer::legalize(mlir::Operation*) DialectConversion.cpp:0:0
#13 0x000055fbd9e56405 mlir::OperationConverter::convert(mlir::Operation*, bool) (./build/bin/mlir-opt+0xb6eb405)
#14 0x000055fbd9e576b3 mlir::OperationConverter::applyConversion(llvm::ArrayRef<mlir::Operation*>) (./build/bin/mlir-opt+0xb6ec6b3)
#15 0x000055fbd9e66719 void llvm::function_ref<void ()>::callback_fn<applyConversion(llvm::ArrayRef<mlir::Operation*>, mlir::ConversionTarget const&, mlir::FrozenRewritePatternSet const&, mlir::ConversionConfig, (anonymous namespace)::OpConversionMode)::$_43>(long) DialectConversion.cpp:0:0
#16 0x000055fbd9e5d045 applyConversion(llvm::ArrayRef<mlir::Operation*>, mlir::ConversionTarget const&, mlir::FrozenRewritePatternSet const&, mlir::ConversionConfig, (anonymous namespace)::OpConversionMode) DialectConversion.cpp:0:0
#17 0x000055fbd9e5d12b mlir::applyPartialConversion(mlir::Operation*, mlir::ConversionTarget const&, mlir::FrozenRewritePatternSet const&, mlir::ConversionConfig) (./build/bin/mlir-opt+0xb6f212b)
#18 0x000055fbd091ad6a (anonymous namespace)::TestEmulateNarrowTypePass::runOnOperation() TestEmulateNarrowType.cpp:0:0
#19 0x000055fbd9eff4fa mlir::detail::OpToOpPassAdaptor::run(mlir::Pass*, mlir::Operation*, mlir::AnalysisManager, bool, unsigned int) (./build/bin/mlir-opt+0xb7944fa)
#20 0x000055fbd9f001b9 mlir::detail::OpToOpPassAdaptor::runPipeline(mlir::OpPassManager&, mlir::Operation*, mlir::AnalysisManager, bool, unsigned int, mlir::PassInstrumentor*, mlir::PassInstrumentation::PipelineParentInfo const*) (./build/bin/mlir-opt+0xb7951b9)
#21 0x000055fbd9f0b39a auto void mlir::parallelForEach<__gnu_cxx::__normal_iterator<mlir::detail::OpToOpPassAdaptor::runOnOperationAsyncImpl(bool)::OpPMInfo*, std::vector<mlir::detail::OpToOpPassAdaptor::runOnOperationAsyncImpl(bool)::OpPMInfo, std::allocator<mlir::detail::OpToOpPassAdaptor::runOnOperationAsyncImpl(bool)::OpPMInfo>>>, mlir::detail::OpToOpPassAdaptor::runOnOperationAsyncImpl(bool)::$_102>(mlir::MLIRContext*, __gnu_cxx::__normal_iterator<mlir::detail::OpToOpPassAdaptor::runOnOperationAsyncImpl(bool)::OpPMInfo*, std::vector<mlir::detail::OpToOpPassAdaptor::runOnOperationAsyncImpl(bool)::OpPMInfo, std::allocator<mlir::detail::OpToOpPassAdaptor::runOnOperationAsyncImpl(bool)::OpPMInfo>>>, __gnu_cxx::__normal_iterator<mlir::detail::OpToOpPassAdaptor::runOnOperationAsyncImpl(bool)::OpPMInfo*, std::vector<mlir::detail::OpToOpPassAdaptor::runOnOperationAsyncImpl(bool)::OpPMInfo, std::allocator<mlir::detail::OpToOpPassAdaptor::runOnOperationAsyncImpl(bool)::OpPMInfo>>>, mlir::detail::OpToOpPassAdaptor::runOnOperationAsyncImpl(bool)::$_102&&)::'lambda'(__gnu_cxx::__normal_iterator<mlir::detail::OpToOpPassAdaptor::runOnOperationAsyncImpl(bool)::OpPMInfo*, std::vector<mlir::detail::OpToOpPassAdaptor::runOnOperationAsyncImpl(bool)::OpPMInfo, std::allocator<mlir::detail::OpToOpPassAdaptor::runOnOperationAsyncImpl(bool)::OpPMInfo>>>&&)::operator()<mlir::detail::OpToOpPassAdaptor::runOnOperationAsyncImpl(bool)::OpPMInfo&>(__gnu_cxx::__normal_iterator<mlir::detail::OpToOpPassAdaptor::runOnOperationAsyncImpl(bool)::OpPMInfo*, std::vector<mlir::detail::OpToOpPassAdaptor::runOnOperationAsyncImpl(bool)::OpPMInfo, std::allocator<mlir::detail::OpToOpPassAdaptor::runOnOperationAsyncImpl(bool)::OpPMInfo>>>&&) const Pass.cpp:0:0
#22 0x000055fbd9f02de8 mlir::detail::OpToOpPassAdaptor::runOnOperationAsyncImpl(bool) (./build/bin/mlir-opt+0xb797de8)
#23 0x000055fbd9eff691 mlir::detail::OpToOpPassAdaptor::run(mlir::Pass*, mlir::Operation*, mlir::AnalysisManager, bool, unsigned int) (./build/bin/mlir-opt+0xb794691)
#24 0x000055fbd9f001b9 mlir::detail::OpToOpPassAdaptor::runPipeline(mlir::OpPassManager&, mlir::Operation*, mlir::AnalysisManager, bool, unsigned int, mlir::PassInstrumentor*, mlir::PassInstrumentation::PipelineParentInfo const*) (./build/bin/mlir-opt+0xb7951b9)
#25 0x000055fbd9f070c1 mlir::PassManager::runPasses(mlir::Operation*, mlir::AnalysisManager) (./build/bin/mlir-opt+0xb79c0c1)
#26 0x000055fbd9f06944 mlir::PassManager::run(mlir::Operation*) (./build/bin/mlir-opt+0xb79b944)
#27 0x000055fbd08d949a performActions(llvm::raw_ostream&, std::shared_ptr<llvm::SourceMgr> const&, mlir::MLIRContext*, mlir::MlirOptMainConfig const&) MlirOptMain.cpp:0:0
#28 0x000055fbd08d877e llvm::LogicalResult llvm::function_ref<llvm::LogicalResult (std::unique_ptr<llvm::MemoryBuffer, std::default_delete<llvm::MemoryBuffer>>, llvm::MemoryBufferRef const&, llvm::raw_ostream&)>::callback_fn<mlir::MlirOptMain(llvm::raw_ostream&, std::unique_ptr<llvm::MemoryBuffer, std::default_delete<llvm::MemoryBuffer>>, mlir::DialectRegistry&, mlir::MlirOptMainConfig const&)::$_3>(long, std::unique_ptr<llvm::MemoryBuffer, std::default_delete<llvm::MemoryBuffer>>, llvm::MemoryBufferRef const&, llvm::raw_ostream&) MlirOptMain.cpp:0:0
#29 0x000055fbda2579d7 mlir::splitAndProcessBuffer(std::unique_ptr<llvm::MemoryBuffer, std::default_delete<llvm::MemoryBuffer>>, llvm::function_ref<llvm::LogicalResult (std::unique_ptr<llvm::MemoryBuffer, std::default_delete<llvm::MemoryBuffer>>, llvm::MemoryBufferRef const&, llvm::raw_ostream&)>, llvm::raw_ostream&, llvm::StringRef, llvm::StringRef) (./build/bin/mlir-opt+0xbaec9d7)
#30 0x000055fbd08cf7c2 mlir::MlirOptMain(llvm::raw_ostream&, std::unique_ptr<llvm::MemoryBuffer, std::default_delete<llvm::MemoryBuffer>>, mlir::DialectRegistry&, mlir::MlirOptMainConfig const&) (./build/bin/mlir-opt+0x21647c2)
#31 0x000055fbd08cfbc1 mlir::MlirOptMain(int, char**, llvm::StringRef, llvm::StringRef, mlir::DialectRegistry&) (./build/bin/mlir-opt+0x2164bc1)
#32 0x000055fbd08cfdfd mlir::MlirOptMain(int, char**, llvm::StringRef, mlir::DialectRegistry&) (./build/bin/mlir-opt+0x2164dfd)
#33 0x000055fbd080f0e2 main (./build/bin/mlir-opt+0x20a40e2)
#34 0x00007e4cc2429d90 __libc_start_call_main ./csu/../sysdeps/nptl/libc_start_call_main.h:58:16
#35 0x00007e4cc2429e40 call_init ./csu/../csu/libc-start.c:128:20
#36 0x00007e4cc2429e40 __libc_start_main ./csu/../csu/libc-start.c:379:5
#37 0x000055fbd080ec15 _start (./build/bin/mlir-opt+0x20a3c15)
