<BLOCKINFO_BLOCK/>
<Metadata NumWords=30 BlockCodeSize=2>
  <Version op0=1/>
  <Context NumWords=20 BlockCodeSize=2>
    <GUID op0=1000/>
    <Counters op0=1 op1=2 op2=3/>
    <Context NumWords=5 BlockCodeSize=2>
      <GUID op0=-3/>
      <CalleeIndex op0=1/>
      <Counters op0=6 op1=7 op2=8/>
    </Context>
    <Context NumWords=3 BlockCodeSize=2>
      <GUID op0=2000/>
      <CalleeIndex op0=1/>
      <Counters op0=4 op1=5/>
    </Context>
    <Context NumWords=3 BlockCodeSize=2>
      <GUID op0=3000/>
      <CalleeIndex op0=2/>
      <Counters op0=40 op1=50/>
    </Context>
  </Context>
  <Context NumWords=4 BlockCodeSize=2>
    <GUID op0=-4/>
    <Counters op0=5 op1=9 op2=10/>
  </Context>
</Metadata>
